Archive member included to satisfy reference by file (symbol)

c:/program files (x86)/atmel/studio/7.0/toolchain/arm/arm-gnu-toolchain/bin/../lib/gcc/arm-none-eabi/6.3.1/thumb/v6-m\libgcc.a(_udivsi3.o)
                              myprintf.o (__aeabi_uidiv)
c:/program files (x86)/atmel/studio/7.0/toolchain/arm/arm-gnu-toolchain/bin/../lib/gcc/arm-none-eabi/6.3.1/thumb/v6-m\libgcc.a(_dvmd_tls.o)
                              c:/program files (x86)/atmel/studio/7.0/toolchain/arm/arm-gnu-toolchain/bin/../lib/gcc/arm-none-eabi/6.3.1/thumb/v6-m\libgcc.a(_udivsi3.o) (__aeabi_idiv0)
c:/program files (x86)/atmel/studio/7.0/toolchain/arm/arm-gnu-toolchain/bin/../lib/gcc/arm-none-eabi/6.3.1/../../../../arm-none-eabi/lib/thumb/v6-m\libc.a(lib_a-exit.o)
                              c:/program files (x86)/atmel/studio/7.0/toolchain/arm/arm-gnu-toolchain/bin/../lib/gcc/arm-none-eabi/6.3.1/../../../../arm-none-eabi/lib/thumb/v6-m/crt0.o (exit)
c:/program files (x86)/atmel/studio/7.0/toolchain/arm/arm-gnu-toolchain/bin/../lib/gcc/arm-none-eabi/6.3.1/../../../../arm-none-eabi/lib/thumb/v6-m\libc.a(lib_a-impure.o)
                              c:/program files (x86)/atmel/studio/7.0/toolchain/arm/arm-gnu-toolchain/bin/../lib/gcc/arm-none-eabi/6.3.1/../../../../arm-none-eabi/lib/thumb/v6-m\libc.a(lib_a-exit.o) (_global_impure_ptr)
c:/program files (x86)/atmel/studio/7.0/toolchain/arm/arm-gnu-toolchain/bin/../lib/gcc/arm-none-eabi/6.3.1/../../../../arm-none-eabi/lib/thumb/v6-m\libc.a(lib_a-init.o)
                              c:/program files (x86)/atmel/studio/7.0/toolchain/arm/arm-gnu-toolchain/bin/../lib/gcc/arm-none-eabi/6.3.1/../../../../arm-none-eabi/lib/thumb/v6-m/crt0.o (__libc_init_array)
c:/program files (x86)/atmel/studio/7.0/toolchain/arm/arm-gnu-toolchain/bin/../lib/gcc/arm-none-eabi/6.3.1/../../../../arm-none-eabi/lib/thumb/v6-m\libc.a(lib_a-memcpy-stub.o)
                              queue.o (memcpy)
c:/program files (x86)/atmel/studio/7.0/toolchain/arm/arm-gnu-toolchain/bin/../lib/gcc/arm-none-eabi/6.3.1/../../../../arm-none-eabi/lib/thumb/v6-m\libc.a(lib_a-memset.o)
                              c:/program files (x86)/atmel/studio/7.0/toolchain/arm/arm-gnu-toolchain/bin/../lib/gcc/arm-none-eabi/6.3.1/../../../../arm-none-eabi/lib/thumb/v6-m/crt0.o (memset)
c:/program files (x86)/atmel/studio/7.0/toolchain/arm/arm-gnu-toolchain/bin/../lib/gcc/arm-none-eabi/6.3.1/../../../../arm-none-eabi/lib/thumb/v6-m\libc.a(lib_a-sprintf.o)
                              tasks.o (sprintf)
c:/program files (x86)/atmel/studio/7.0/toolchain/arm/arm-gnu-toolchain/bin/../lib/gcc/arm-none-eabi/6.3.1/../../../../arm-none-eabi/lib/thumb/v6-m\libc.a(lib_a-strcpy.o)
                              tasks.o (strcpy)
c:/program files (x86)/atmel/studio/7.0/toolchain/arm/arm-gnu-toolchain/bin/../lib/gcc/arm-none-eabi/6.3.1/../../../../arm-none-eabi/lib/thumb/v6-m\libc.a(lib_a-strlen-stub.o)
                              tasks.o (strlen)
c:/program files (x86)/atmel/studio/7.0/toolchain/arm/arm-gnu-toolchain/bin/../lib/gcc/arm-none-eabi/6.3.1/../../../../arm-none-eabi/lib/thumb/v6-m\libc.a(lib_a-svfprintf.o)
                              c:/program files (x86)/atmel/studio/7.0/toolchain/arm/arm-gnu-toolchain/bin/../lib/gcc/arm-none-eabi/6.3.1/../../../../arm-none-eabi/lib/thumb/v6-m\libc.a(lib_a-sprintf.o) (_svfprintf_r)
c:/program files (x86)/atmel/studio/7.0/toolchain/arm/arm-gnu-toolchain/bin/../lib/gcc/arm-none-eabi/6.3.1/../../../../arm-none-eabi/lib/thumb/v6-m\libc.a(lib_a-__call_atexit.o)
                              c:/program files (x86)/atmel/studio/7.0/toolchain/arm/arm-gnu-toolchain/bin/../lib/gcc/arm-none-eabi/6.3.1/../../../../arm-none-eabi/lib/thumb/v6-m\libc.a(lib_a-exit.o) (__call_exitprocs)
c:/program files (x86)/atmel/studio/7.0/toolchain/arm/arm-gnu-toolchain/bin/../lib/gcc/arm-none-eabi/6.3.1/../../../../arm-none-eabi/lib/thumb/v6-m\libc.a(lib_a-atexit.o)
                              c:/program files (x86)/atmel/studio/7.0/toolchain/arm/arm-gnu-toolchain/bin/../lib/gcc/arm-none-eabi/6.3.1/../../../../arm-none-eabi/lib/thumb/v6-m\libc.a(lib_a-__call_atexit.o) (atexit)
c:/program files (x86)/atmel/studio/7.0/toolchain/arm/arm-gnu-toolchain/bin/../lib/gcc/arm-none-eabi/6.3.1/../../../../arm-none-eabi/lib/thumb/v6-m\libc.a(lib_a-dtoa.o)
                              c:/program files (x86)/atmel/studio/7.0/toolchain/arm/arm-gnu-toolchain/bin/../lib/gcc/arm-none-eabi/6.3.1/../../../../arm-none-eabi/lib/thumb/v6-m\libc.a(lib_a-svfprintf.o) (_dtoa_r)
c:/program files (x86)/atmel/studio/7.0/toolchain/arm/arm-gnu-toolchain/bin/../lib/gcc/arm-none-eabi/6.3.1/../../../../arm-none-eabi/lib/thumb/v6-m\libc.a(lib_a-fini.o)
                              c:/program files (x86)/atmel/studio/7.0/toolchain/arm/arm-gnu-toolchain/bin/../lib/gcc/arm-none-eabi/6.3.1/../../../../arm-none-eabi/lib/thumb/v6-m\libc.a(lib_a-__call_atexit.o) (__libc_fini_array)
[...]
Memory Configuration

Name             Origin             Length             Attributes
rom              0x00000000         0x00040000         xr
ram              0x20000000         0x00008000         xrw
*default*        0x00000000         0xffffffff

Linker script and memory map

LOAD c:/program files (x86)/atmel/studio/7.0/toolchain/arm/arm-gnu-toolchain/bin/../lib/gcc/arm-none-eabi/6.3.1/thumb/v6-m/crti.o
LOAD c:/program files (x86)/atmel/studio/7.0/toolchain/arm/arm-gnu-toolchain/bin/../lib/gcc/arm-none-eabi/6.3.1/thumb/v6-m/crtbegin.o
LOAD c:/program files (x86)/atmel/studio/7.0/toolchain/arm/arm-gnu-toolchain/bin/../lib/gcc/arm-none-eabi/6.3.1/../../../../arm-none-eabi/lib/thumb/v6-m/crt0.o
LOAD croutine.o
LOAD Device_Startup/startup_samd21.o
LOAD Device_Startup/system_samd21.o
LOAD event_groups.o
LOAD heap_2.o
LOAD list.o
LOAD main.o
LOAD myprintf.o
LOAD port.o
LOAD queue.o
LOAD stream_buffer.o
LOAD tasks.o
LOAD timers.o
LOAD uart.o
START GROUP
LOAD c:/program files (x86)/atmel/studio/7.0/toolchain/arm/arm-gnu-toolchain/bin/../lib/gcc/arm-none-eabi/6.3.1/../../../../arm-none-eabi/lib/thumb/v6-m\libm.a
END GROUP
START GROUP
LOAD c:/program files (x86)/atmel/studio/7.0/toolchain/arm/arm-gnu-toolchain/bin/../lib/gcc/arm-none-eabi/6.3.1/thumb/v6-m\libgcc.a
LOAD c:/program files (x86)/atmel/studio/7.0/toolchain/arm/arm-gnu-toolchain/bin/../lib/gcc/arm-none-eabi/6.3.1/../../../../arm-none-eabi/lib/thumb/v6-m\libc.a
END GROUP
LOAD c:/program files (x86)/atmel/studio/7.0/toolchain/arm/arm-gnu-toolchain/bin/../lib/gcc/arm-none-eabi/6.3.1/thumb/v6-m/crtend.o
LOAD c:/program files (x86)/atmel/studio/7.0/toolchain/arm/arm-gnu-toolchain/bin/../lib/gcc/arm-none-eabi/6.3.1/thumb/v6-m/crtn.o
                0x00002000                STACK_SIZE = DEFINED (STACK_SIZE)?STACK_SIZE:DEFINED (__stack_size__)?__stack_size__:0x2000

.text           0x00000000     0x2104
                0x00000000                . = ALIGN (0x4)
                0x00000000                _sfixed = .
 *(.vectors .vectors.*)
 .vectors       0x00000000       0xb4 Device_Startup/startup_samd21.o
                0x00000000                exception_table
 *(.text .text.* .gnu.linkonce.t.*)
 .text          0x000000b4       0x60 c:/program files (x86)/atmel/studio/7.0/toolchain/arm/arm-gnu-toolchain/bin/../lib/gcc/arm-none-eabi/6.3.1/thumb/v6-m/crtbegin.o
 .text.Dummy_Handler
                0x00000114        0x2 Device_Startup/startup_samd21.o
                0x00000114                SVCall_Handler
                0x00000114                DMAC_Handler
                0x00000114                HardFault_Handler
                0x00000114                AC_Handler
                0x00000114                SERCOM1_Handler
                0x00000114                ADC_Handler
                0x00000114                NonMaskableInt_Handler
                0x00000114                TCC1_Handler
                0x00000114                SERCOM2_Handler
                0x00000114                TCC0_Handler
                0x00000114                RTC_Handler
                0x00000114                EIC_Handler
                0x00000114                WDT_Handler
                0x00000114                TC4_Handler
                0x00000114                USB_Handler
                0x00000114                TC3_Handler
                0x00000114                Dummy_Handler
                0x00000114                PM_Handler
                0x00000114                SERCOM5_Handler
                0x00000114                TCC2_Handler
                0x00000114                EVSYS_Handler
                0x00000114                SERCOM3_Handler
                0x00000114                SERCOM4_Handler
                0x00000114                I2S_Handler
                0x00000114                NVMCTRL_Handler
                0x00000114                SERCOM0_Handler
                0x00000114                DAC_Handler
                0x00000114                PTC_Handler
                0x00000114                TC5_Handler
                0x00000114                SYSCTRL_Handler
 *fill*         0x00000116        0x2 
 .text.Reset_Handler
                0x00000118       0xc4 Device_Startup/startup_samd21.o
                0x00000118                Reset_Handler
 .text.SystemInit
                0x000001dc       0x10 Device_Startup/system_samd21.o
                0x000001dc                SystemInit
 .text.prvHeapInit
                0x000001ec       0x2c heap_2.o
 .text.pvPortMalloc
                0x00000218       0xb0 heap_2.o
                0x00000218                pvPortMalloc
 .text.vPortFree
                0x000002c8       0x48 heap_2.o
                0x000002c8                vPortFree
 .text.vListInitialise
                0x00000310       0x16 list.o
                0x00000310                vListInitialise
 .text.vListInitialiseItem
                0x00000326        0x6 list.o
                0x00000326                vListInitialiseItem
 .text.vListInsertEnd
                0x0000032c       0x18 list.o
                0x0000032c                vListInsertEnd
 .text.vListInsert
                0x00000344       0x30 list.o
                0x00000344                vListInsert
 .text.uxListRemove
                0x00000374       0x28 list.o
                0x00000374                uxListRemove
 .text.sender_task
                0x0000039c       0x54 main.o
                0x0000039c                sender_task
 .text.receiver_task
                0x000003f0       0x48 main.o
                0x000003f0                receiver_task
 .text.main     0x00000438       0x80 main.o
                0x00000438                main
 .text.sendUART1char
                0x000004b8       0x14 myprintf.o
 .text.myputchar
                0x000004cc       0x1c myprintf.o
 .text.out      0x000004e8       0x10 myprintf.o
 .text.outDgt   0x000004f8       0x34 myprintf.o
 .text.divOut   0x0000052c       0x40 myprintf.o
 .text.tfp_printf
                0x0000056c      0x1b0 myprintf.o
                0x0000056c                tfp_printf
 .text.prvTaskExitError
                0x0000071c       0x24 port.o
 .text.vPortStartFirstTask
                0x00000740       0x34 port.o
 .text.prvSetupTimerInterrupt
                0x00000774       0x28 port.o
 .text.pxPortInitialiseStack
                0x0000079c       0x20 port.o
                0x0000079c                pxPortInitialiseStack
 .text.xPortStartScheduler
                0x000007bc       0x4c port.o
                0x000007bc                xPortStartScheduler
 .text.vPortYield
                0x00000808       0x18 port.o
                0x00000808                vPortYield
 .text.vPortEnterCritical
                0x00000820       0x18 port.o
                0x00000820                vPortEnterCritical
 .text.vPortExitCritical
                0x00000838       0x20 port.o
                0x00000838                vPortExitCritical
 .text.ulSetInterruptMaskFromISR
                0x00000858        0x8 port.o
                0x00000858                ulSetInterruptMaskFromISR
 .text.vClearInterruptMaskFromISR
                0x00000860        0x6 port.o
                0x00000860                vClearInterruptMaskFromISR
 *fill*         0x00000866        0xa 
 .text.PendSV_Handler
                0x00000870       0x44 port.o
                0x00000870                PendSV_Handler
 .text.SysTick_Handler
                0x000008b4       0x30 port.o
                0x000008b4                SysTick_Handler
 .text.prvIsQueueFull
                0x000008e4       0x28 queue.o
 .text.prvIsQueueEmpty
                0x0000090c       0x24 queue.o
 .text.prvCopyDataToQueue
                0x00000930       0x8c queue.o
 .text.prvNotifyQueueSetContainer
                0x000009bc       0x68 queue.o
 .text.prvCopyDataFromQueue
                0x00000a24       0x28 queue.o
 .text.prvUnlockQueue
                0x00000a4c       0xa0 queue.o
 .text.xQueueGenericReset
                0x00000aec       0x80 queue.o
                0x00000aec                xQueueGenericReset
 .text.prvInitialiseNewQueue
                0x00000b6c       0x2c queue.o
 .text.xQueueGenericCreate
                0x00000b98       0x48 queue.o
                0x00000b98                xQueueGenericCreate
 .text.xQueueGenericSend
                0x00000be0      0x190 queue.o
                0x00000be0                xQueueGenericSend
 .text.xQueueGenericSendFromISR
                0x00000d70       0xec queue.o
                0x00000d70                xQueueGenericSendFromISR
 .text.xQueueReceive
                0x00000e5c      0x15c queue.o
                0x00000e5c                xQueueReceive
 .text.vQueueAddToRegistry
                0x00000fb8       0x24 queue.o
                0x00000fb8                vQueueAddToRegistry
 .text.vQueueWaitForMessageRestricted
                0x00000fdc       0x60 queue.o
                0x00000fdc                vQueueWaitForMessageRestricted
 .text.prvResetNextTaskUnblockTime
                0x0000103c       0x30 tasks.o
 .text.prvDeleteTCB
                0x0000106c       0x14 tasks.o
 .text.prvInitialiseNewTask
                0x00001080       0xa8 tasks.o
 .text.prvInitialiseTaskLists
                0x00001128       0x60 tasks.o
 .text.prvAddNewTaskToReadyList
                0x00001188       0xa0 tasks.o
 .text.prvCheckTasksWaitingTermination
                0x00001228       0x48 tasks.o
 .text.prvIdleTask
                0x00001270       0x20 tasks.o
 .text.prvAddCurrentTaskToDelayedList
                0x00001290       0x70 tasks.o
 .text.xTaskCreate
                0x00001300       0x70 tasks.o
                0x00001300                xTaskCreate
 .text.vTaskStartScheduler
                0x00001370       0x68 tasks.o
                0x00001370                vTaskStartScheduler
 .text.vTaskSuspendAll
                0x000013d8       0x10 tasks.o
                0x000013d8                vTaskSuspendAll
 .text.xTaskGetTickCount
                0x000013e8        0xc tasks.o
                0x000013e8                xTaskGetTickCount
 .text.xTaskIncrementTick
                0x000013f4      0x10c tasks.o
                0x000013f4                xTaskIncrementTick
 .text.xTaskResumeAll
                0x00001500       0xf4 tasks.o
                0x00001500                xTaskResumeAll
 .text.vTaskDelay
                0x000015f4       0x44 tasks.o
                0x000015f4                vTaskDelay
 .text.vTaskSwitchContext
                0x00001638       0x84 tasks.o
                0x00001638                vTaskSwitchContext
 .text.vTaskPlaceOnEventList
                0x000016bc       0x2c tasks.o
                0x000016bc                vTaskPlaceOnEventList
 .text.vTaskPlaceOnEventListRestricted
                0x000016e8       0x38 tasks.o
                0x000016e8                vTaskPlaceOnEventListRestricted
 .text.xTaskRemoveFromEventList
                0x00001720       0x84 tasks.o
                0x00001720                xTaskRemoveFromEventList
 .text.vTaskInternalSetTimeOutState
                0x000017a4       0x10 tasks.o
                0x000017a4                vTaskInternalSetTimeOutState
 .text.xTaskCheckForTimeOut
                0x000017b4       0x70 tasks.o
                0x000017b4                xTaskCheckForTimeOut
 .text.vTaskMissedYield
                0x00001824        0xc tasks.o
                0x00001824                vTaskMissedYield
 .text.xTaskGetSchedulerState
                0x00001830       0x20 tasks.o
                0x00001830                xTaskGetSchedulerState
 .text.xTaskPriorityDisinherit
                0x00001850       0x7c tasks.o
                0x00001850                xTaskPriorityDisinherit
 .text.prvGetNextExpireTime
                0x000018cc       0x20 timers.o
 .text.prvInsertTimerInActiveList
                0x000018ec       0x48 timers.o
 .text.prvCheckForValidListAndQueue
                0x00001934       0x60 timers.o
 .text.xTimerCreateTimerTask
                0x00001994       0x4c timers.o
                0x00001994                xTimerCreateTimerTask
 .text.xTimerGenericCommand
                0x000019e0       0x6c timers.o
                0x000019e0                xTimerGenericCommand
 .text.prvSwitchTimerLists
                0x00001a4c       0x74 timers.o
 .text.prvSampleTimeNow
                0x00001ac0       0x34 timers.o
 .text.prvProcessExpiredTimer
                0x00001af4       0x60 timers.o
 .text.prvProcessTimerOrBlockTask
                0x00001b54       0x80 timers.o
 .text.prvProcessReceivedCommands
                0x00001bd4       0xc4 timers.o
 .text.prvTimerTask
                0x00001c98       0x24 timers.o
 .text.initUART
                0x00001cbc       0x9c uart.o
                0x00001cbc                initUART
 .text.__libc_init_array
                0x00001d58       0x48 c:/program files (x86)/atmel/studio/7.0/toolchain/arm/arm-gnu-toolchain/bin/../lib/gcc/arm-none-eabi/6.3.1/../../../../arm-none-eabi/lib/thumb/v6-m\libc.a(lib_a-init.o)
                0x00001d58                __libc_init_array
 .text.memcpy   0x00001da0       0x84 c:/program files (x86)/atmel/studio/7.0/toolchain/arm/arm-gnu-toolchain/bin/../lib/gcc/arm-none-eabi/6.3.1/../../../../arm-none-eabi/lib/thumb/v6-m\libc.a(lib_a-memcpy-stub.o)
                0x00001da0                memcpy
 .text.memset   0x00001e24       0x94 c:/program files (x86)/atmel/studio/7.0/toolchain/arm/arm-gnu-toolchain/bin/../lib/gcc/arm-none-eabi/6.3.1/../../../../arm-none-eabi/lib/thumb/v6-m\libc.a(lib_a-memset.o)
                0x00001e24                memset
 .text.startup.register_fini
                0x00001eb8       0x18 c:/program files (x86)/atmel/studio/7.0/toolchain/arm/arm-gnu-toolchain/bin/../lib/gcc/arm-none-eabi/6.3.1/../../../../arm-none-eabi/lib/thumb/v6-m\libc.a(lib_a-__call_atexit.o)
 .text.atexit   0x00001ed0       0x10 c:/program files (x86)/atmel/studio/7.0/toolchain/arm/arm-gnu-toolchain/bin/../lib/gcc/arm-none-eabi/6.3.1/../../../../arm-none-eabi/lib/thumb/v6-m\libc.a(lib_a-atexit.o)
                0x00001ed0                atexit
 .text.__libc_fini_array
                0x00001ee0       0x34 c:/program files (x86)/atmel/studio/7.0/toolchain/arm/arm-gnu-toolchain/bin/../lib/gcc/arm-none-eabi/6.3.1/../../../../arm-none-eabi/lib/thumb/v6-m\libc.a(lib_a-fini.o)
                0x00001ee0                __libc_fini_array
 .text.__retarget_lock_acquire_recursive
                0x00001f14        0x4 c:/program files (x86)/atmel/studio/7.0/toolchain/arm/arm-gnu-toolchain/bin/../lib/gcc/arm-none-eabi/6.3.1/../../../../arm-none-eabi/lib/thumb/v6-m\libc.a(lib_a-lock.o)
                0x00001f14                __retarget_lock_acquire_recursive
 .text.__retarget_lock_release_recursive
                0x00001f18        0x4 c:/program files (x86)/atmel/studio/7.0/toolchain/arm/arm-gnu-toolchain/bin/../lib/gcc/arm-none-eabi/6.3.1/../../../../arm-none-eabi/lib/thumb/v6-m\libc.a(lib_a-lock.o)
                0x00001f18                __retarget_lock_release_recursive
 .text.__register_exitproc
                0x00001f1c       0xf4 c:/program files (x86)/atmel/studio/7.0/toolchain/arm/arm-gnu-toolchain/bin/../lib/gcc/arm-none-eabi/6.3.1/../../../../arm-none-eabi/lib/thumb/v6-m\libc.a(lib_a-__atexit.o)
                0x00001f1c                __register_exitproc
 *(.glue_7t)
 .glue_7t       0x00002010        0x0 linker stubs
 *(.glue_7)
 .glue_7        0x00002010        0x0 linker stubs
 *(.rodata .rodata* .gnu.linkonce.r.*)
 .rodata.str1.4
                0x00002010       0x7b main.o
 *fill*         0x0000208b        0x1 
 .rodata.str1.4
                0x0000208c       0x17 tasks.o
 *fill*         0x000020a3        0x1 
 .rodata        0x000020a4       0x28 timers.o
 .rodata.str1.4
                0x000020cc       0x10 timers.o
 .rodata._global_impure_ptr
                0x000020dc        0x4 c:/program files (x86)/atmel/studio/7.0/toolchain/arm/arm-gnu-toolchain/bin/../lib/gcc/arm-none-eabi/6.3.1/../../../../arm-none-eabi/lib/thumb/v6-m\libc.a(lib_a-impure.o)
                0x000020dc                _global_impure_ptr
 *(.ARM.extab* .gnu.linkonce.armextab.*)
                0x000020e0                . = ALIGN (0x4)
 *(.init)
 .init          0x000020e0        0x4 c:/program files (x86)/atmel/studio/7.0/toolchain/arm/arm-gnu-toolchain/bin/../lib/gcc/arm-none-eabi/6.3.1/thumb/v6-m/crti.o
                0x000020e0                _init
 .init          0x000020e4        0x8 c:/program files (x86)/atmel/studio/7.0/toolchain/arm/arm-gnu-toolchain/bin/../lib/gcc/arm-none-eabi/6.3.1/thumb/v6-m/crtn.o
                0x000020ec                . = ALIGN (0x4)
                0x000020ec                __preinit_array_start = .
 *(.preinit_array)
                0x000020ec                __preinit_array_end = .
                0x000020ec                . = ALIGN (0x4)
                0x000020ec                __init_array_start = .
 *(SORT(.init_array.*))
 .init_array.00000
                0x000020ec        0x4 c:/program files (x86)/atmel/studio/7.0/toolchain/arm/arm-gnu-toolchain/bin/../lib/gcc/arm-none-eabi/6.3.1/../../../../arm-none-eabi/lib/thumb/v6-m\libc.a(lib_a-__call_atexit.o)
 *(.init_array)
 .init_array    0x000020f0        0x4 c:/program files (x86)/atmel/studio/7.0/toolchain/arm/arm-gnu-toolchain/bin/../lib/gcc/arm-none-eabi/6.3.1/thumb/v6-m/crtbegin.o
                0x000020f4                __init_array_end = .
                0x000020f4                . = ALIGN (0x4)
 *crtbegin.o(.ctors)
 *(EXCLUDE_FILE(*crtend.o) .ctors)
 *(SORT(.ctors.*))
 *crtend.o(.ctors)
                0x000020f4                . = ALIGN (0x4)
 *(.fini)
 .fini          0x000020f4        0x4 c:/program files (x86)/atmel/studio/7.0/toolchain/arm/arm-gnu-toolchain/bin/../lib/gcc/arm-none-eabi/6.3.1/thumb/v6-m/crti.o
                0x000020f4                _fini
 .fini          0x000020f8        0x8 c:/program files (x86)/atmel/studio/7.0/toolchain/arm/arm-gnu-toolchain/bin/../lib/gcc/arm-none-eabi/6.3.1/thumb/v6-m/crtn.o
                0x00002100                . = ALIGN (0x4)
                0x00002100                __fini_array_start = .
 *(.fini_array)
 .fini_array    0x00002100        0x4 c:/program files (x86)/atmel/studio/7.0/toolchain/arm/arm-gnu-toolchain/bin/../lib/gcc/arm-none-eabi/6.3.1/thumb/v6-m/crtbegin.o
 *(SORT(.fini_array.*))
                0x00002104                __fini_array_end = .
 *crtbegin.o(.dtors)
 *(EXCLUDE_FILE(*crtend.o) .dtors)
 *(SORT(.dtors.*))
 *crtend.o(.dtors)
                0x00002104                . = ALIGN (0x4)
                0x00002104                _efixed = .
                [!provide]                PROVIDE (__exidx_start, .)

.vfp11_veneer   0x00002104        0x0
 .vfp11_veneer  0x00002104        0x0 linker stubs

.v4_bx          0x00002104        0x0
 .v4_bx         0x00002104        0x0 linker stubs

.iplt           0x00002104        0x0
 .iplt          0x00002104        0x0 c:/program files (x86)/atmel/studio/7.0/toolchain/arm/arm-gnu-toolchain/bin/../lib/gcc/arm-none-eabi/6.3.1/thumb/v6-m/crtbegin.o

.eh_frame       0x00002104        0x0
 .eh_frame      0x00002104        0x0 c:/program files (x86)/atmel/studio/7.0/toolchain/arm/arm-gnu-toolchain/bin/../lib/gcc/arm-none-eabi/6.3.1/thumb/v6-m/crtbegin.o

.rel.dyn        0x00002104        0x0
 .rel.iplt      0x00002104        0x0 c:/program files (x86)/atmel/studio/7.0/toolchain/arm/arm-gnu-toolchain/bin/../lib/gcc/arm-none-eabi/6.3.1/thumb/v6-m/crtbegin.o

.jcr            0x00002104        0x0
 .jcr           0x00002104        0x0 c:/program files (x86)/atmel/studio/7.0/toolchain/arm/arm-gnu-toolchain/bin/../lib/gcc/arm-none-eabi/6.3.1/thumb/v6-m/crtbegin.o

.igot.plt       0x00002104        0x0
 .igot.plt      0x00002104        0x0 c:/program files (x86)/atmel/studio/7.0/toolchain/arm/arm-gnu-toolchain/bin/../lib/gcc/arm-none-eabi/6.3.1/thumb/v6-m/crtbegin.o

.ARM.exidx
 *(.ARM.exidx* .gnu.linkonce.armexidx.*)
                [!provide]                PROVIDE (__exidx_end, .)
                0x00002104                . = ALIGN (0x4)
                0x00002104                _etext = .

.relocate       0x20000000      0x43c load address 0x00002104
                0x20000000                . = ALIGN (0x4)
                0x20000000                _srelocate = .
 *(.ramfunc .ramfunc.*)
 *(.data .data.*)
 .data          0x20000000        0x4 Device_Startup/system_samd21.o
                0x20000000                SystemCoreClock
 .data          0x20000004        0x4 heap_2.o
 .data          0x20000008        0x4 port.o
 *fill*         0x2000000c        0x4 
 .data.impure_data
                0x20000010      0x428 c:/program files (x86)/atmel/studio/7.0/toolchain/arm/arm-gnu-toolchain/bin/../lib/gcc/arm-none-eabi/6.3.1/../../../../arm-none-eabi/lib/thumb/v6-m\libc.a(lib_a-impure.o)
 .data.__atexit_recursive_mutex
                0x20000438        0x4 c:/program files (x86)/atmel/studio/7.0/toolchain/arm/arm-gnu-toolchain/bin/../lib/gcc/arm-none-eabi/6.3.1/../../../../arm-none-eabi/lib/thumb/v6-m\libc.a(lib_a-__call_atexit.o)
                0x20000438                __atexit_recursive_mutex
                0x2000043c                . = ALIGN (0x4)
                0x2000043c                _erelocate = .

.bss            0x2000043c     0x4070 load address 0x00002540
                0x2000043c                . = ALIGN (0x4)
                0x2000043c                _sbss = .
                0x2000043c                _szero = .
 *(.bss .bss.*)
 .bss           0x2000043c       0x1c c:/program files (x86)/atmel/studio/7.0/toolchain/arm/arm-gnu-toolchain/bin/../lib/gcc/arm-none-eabi/6.3.1/thumb/v6-m/crtbegin.o
 .bss           0x20000458     0x3e94 heap_2.o
 .bss           0x200042ec        0x4 main.o
                0x200042ec                Global_Queue_Handle
 .bss           0x200042f0       0x18 myprintf.o
 .bss           0x20004308      0x104 tasks.o
                0x200043e0                pxCurrentTCB
 .bss           0x2000440c       0x3c timers.o
 *(COMMON)
 COMMON         0x20004448       0x40 queue.o
                0x20004448                xQueueRegistry
 COMMON         0x20004488       0x21 c:/program files (x86)/atmel/studio/7.0/toolchain/arm/arm-gnu-toolchain/bin/../lib/gcc/arm-none-eabi/6.3.1/../../../../arm-none-eabi/lib/thumb/v6-m\libc.a(lib_a-lock.o)
                0x20004488                __lock___atexit_recursive_mutex
                0x2000448c                __lock___arc4random_mutex
                0x20004490                __lock___env_recursive_mutex
                0x20004494                __lock___sinit_recursive_mutex
                0x20004498                __lock___malloc_recursive_mutex
                0x2000449c                __lock___at_quick_exit_mutex
                0x200044a0                __lock___dd_hash_mutex
                0x200044a4                __lock___tz_mutex
                0x200044a8                __lock___sfp_recursive_mutex
                0x200044ac                . = ALIGN (0x4)
 *fill*         0x200044a9        0x3 
                0x200044ac                _ebss = .
                0x200044ac                _ezero = .

.stack          0x200044ac     0x2004 load address 0x000065b0
                0x200044b0                . = ALIGN (0x8)
 *fill*         0x200044ac        0x4 
                0x200044b0                _sstack = .
                0x200064b0                . = (. + STACK_SIZE)
 *fill*         0x200044b0     0x2000 
                0x200064b0                . = ALIGN (0x8)
                0x200064b0                _estack = .
                0x200064b0                . = ALIGN (0x4)
                0x200064b0                _end = .
OUTPUT(RTOS.elf elf32-littlearm)

.ARM.attributes
                0x00000000       0x28
 .ARM.attributes
                0x00000000       0x1e c:/program files (x86)/atmel/studio/7.0/toolchain/arm/arm-gnu-toolchain/bin/../lib/gcc/arm-none-eabi/6.3.1/thumb/v6-m/crti.o
 .ARM.attributes
                0x0000001e       0x2c c:/program files (x86)/atmel/studio/7.0/toolchain/arm/arm-gnu-toolchain/bin/../lib/gcc/arm-none-eabi/6.3.1/thumb/v6-m/crtbegin.o
 .ARM.attributes
                0x0000004a       0x32 Device_Startup/startup_samd21.o
 .ARM.attributes
                0x0000007c       0x32 Device_Startup/system_samd21.o
 .ARM.attributes
                0x000000ae       0x32 heap_2.o
 .ARM.attributes
                0x000000e0       0x32 list.o
 .ARM.attributes
                0x00000112       0x32 main.o
 .ARM.attributes
                0x00000144       0x32 myprintf.o
 .ARM.attributes
                0x00000176       0x32 port.o
 .ARM.attributes
                0x000001a8       0x32 queue.o
 .ARM.attributes
                0x000001da       0x32 tasks.o
 .ARM.attributes
                0x0000020c       0x32 timers.o
 .ARM.attributes
                0x0000023e       0x32 uart.o
 .ARM.attributes
                0x00000270       0x2c c:/program files (x86)/atmel/studio/7.0/toolchain/arm/arm-gnu-toolchain/bin/../lib/gcc/arm-none-eabi/6.3.1/../../../../arm-none-eabi/lib/thumb/v6-m\libc.a(lib_a-impure.o)
 .ARM.attributes
                0x0000029c       0x2c c:/program files (x86)/atmel/studio/7.0/toolchain/arm/arm-gnu-toolchain/bin/../lib/gcc/arm-none-eabi/6.3.1/../../../../arm-none-eabi/lib/thumb/v6-m\libc.a(lib_a-init.o)
 .ARM.attributes
                0x000002c8       0x2c c:/program files (x86)/atmel/studio/7.0/toolchain/arm/arm-gnu-toolchain/bin/../lib/gcc/arm-none-eabi/6.3.1/../../../../arm-none-eabi/lib/thumb/v6-m\libc.a(lib_a-memcpy-stub.o)
 .ARM.attributes
                0x000002f4       0x2c c:/program files (x86)/atmel/studio/7.0/toolchain/arm/arm-gnu-toolchain/bin/../lib/gcc/arm-none-eabi/6.3.1/../../../../arm-none-eabi/lib/thumb/v6-m\libc.a(lib_a-memset.o)
 .ARM.attributes
                0x00000320       0x2c c:/program files (x86)/atmel/studio/7.0/toolchain/arm/arm-gnu-toolchain/bin/../lib/gcc/arm-none-eabi/6.3.1/../../../../arm-none-eabi/lib/thumb/v6-m\libc.a(lib_a-__call_atexit.o)
 .ARM.attributes
                0x0000034c       0x2c c:/program files (x86)/atmel/studio/7.0/toolchain/arm/arm-gnu-toolchain/bin/../lib/gcc/arm-none-eabi/6.3.1/../../../../arm-none-eabi/lib/thumb/v6-m\libc.a(lib_a-atexit.o)
 .ARM.attributes
                0x00000378       0x2c c:/program files (x86)/atmel/studio/7.0/toolchain/arm/arm-gnu-toolchain/bin/../lib/gcc/arm-none-eabi/6.3.1/../../../../arm-none-eabi/lib/thumb/v6-m\libc.a(lib_a-fini.o)
 .ARM.attributes
                0x000003a4       0x2c c:/program files (x86)/atmel/studio/7.0/toolchain/arm/arm-gnu-toolchain/bin/../lib/gcc/arm-none-eabi/6.3.1/../../../../arm-none-eabi/lib/thumb/v6-m\libc.a(lib_a-lock.o)
 .ARM.attributes
                0x000003d0       0x2c c:/program files (x86)/atmel/studio/7.0/toolchain/arm/arm-gnu-toolchain/bin/../lib/gcc/arm-none-eabi/6.3.1/../../../../arm-none-eabi/lib/thumb/v6-m\libc.a(lib_a-__atexit.o)
 .ARM.attributes
                0x000003fc       0x1e c:/program files (x86)/atmel/studio/7.0/toolchain/arm/arm-gnu-toolchain/bin/../lib/gcc/arm-none-eabi/6.3.1/thumb/v6-m/crtn.o

.comment        0x00000000       0x59
 .comment       0x00000000       0x59 Device_Startup/startup_samd21.o
                                 0x5a (size before relaxing)
 .comment       0x00000059       0x5a Device_Startup/system_samd21.o
 .comment       0x00000059       0x5a heap_2.o
 .comment       0x00000059       0x5a list.o
 .comment       0x00000059       0x5a main.o
 .comment       0x00000059       0x5a myprintf.o
 .comment       0x00000059       0x5a port.o
 .comment       0x00000059       0x5a queue.o
 .comment       0x00000059       0x5a tasks.o
 .comment       0x00000059       0x5a timers.o
 .comment       0x00000059       0x5a uart.o

.debug_info     0x00000000    0x12cbb
 .debug_info    0x00000000     0x3a2c Device_Startup/startup_samd21.o
 .debug_info    0x00003a2c       0xd5 Device_Startup/system_samd21.o
 .debug_info    0x00003b01      0xc52 heap_2.o
 .debug_info    0x00004753      0xbd8 list.o
 .debug_info    0x0000532b     0x13e4 main.o
 .debug_info    0x0000670f     0x257e myprintf.o
 .debug_info    0x00008c8d      0x308 port.o
 .debug_info    0x00008f95     0x26ba queue.o
 .debug_info    0x0000b64f     0x2e9d tasks.o
 .debug_info    0x0000e4ec     0x1871 timers.o
 .debug_info    0x0000fd5d     0x2f5e uart.o

.debug_abbrev   0x00000000     0x19c1
 .debug_abbrev  0x00000000      0x227 Device_Startup/startup_samd21.o
 .debug_abbrev  0x00000227       0x72 Device_Startup/system_samd21.o
 .debug_abbrev  0x00000299      0x281 heap_2.o
 .debug_abbrev  0x0000051a      0x221 list.o
 .debug_abbrev  0x0000073b      0x1e2 main.o
 .debug_abbrev  0x0000091d      0x334 myprintf.o
 .debug_abbrev  0x00000c51      0x1c0 port.o
 .debug_abbrev  0x00000e11      0x368 queue.o
 .debug_abbrev  0x00001179      0x39d tasks.o
 .debug_abbrev  0x00001516      0x323 timers.o
 .debug_abbrev  0x00001839      0x188 uart.o

.debug_loc      0x00000000     0x67a7
 .debug_loc     0x00000000       0x78 Device_Startup/startup_samd21.o
 .debug_loc     0x00000078      0x211 heap_2.o
 .debug_loc     0x00000289       0x90 list.o
 .debug_loc     0x00000319       0xc6 main.o
 .debug_loc     0x000003df      0xa04 myprintf.o
 .debug_loc     0x00000de3      0x126 port.o
 .debug_loc     0x00000f09     0x22e4 queue.o
 .debug_loc     0x000031ed     0x27da tasks.o
 .debug_loc     0x000059c7      0xde0 timers.o

.debug_aranges  0x00000000      0x640
 .debug_aranges
                0x00000000       0x28 Device_Startup/startup_samd21.o
 .debug_aranges
                0x00000028       0x28 Device_Startup/system_samd21.o
 .debug_aranges
                0x00000050       0x40 heap_2.o
 .debug_aranges
                0x00000090       0x40 list.o
 .debug_aranges
                0x000000d0       0x30 main.o
 .debug_aranges
                0x00000100       0x78 myprintf.o
 .debug_aranges
                0x00000178       0x88 port.o
 .debug_aranges
                0x00000200      0x160 queue.o
 .debug_aranges
                0x00000360      0x1f8 tasks.o
 .debug_aranges
                0x00000558       0xc8 timers.o
 .debug_aranges
                0x00000620       0x20 uart.o

.debug_ranges   0x00000000      0x7a0
 .debug_ranges  0x00000000       0x18 Device_Startup/startup_samd21.o
 .debug_ranges  0x00000018       0x18 Device_Startup/system_samd21.o
 .debug_ranges  0x00000030       0x30 heap_2.o
 .debug_ranges  0x00000060       0x30 list.o
 .debug_ranges  0x00000090       0x20 main.o
 .debug_ranges  0x000000b0       0x80 myprintf.o
 .debug_ranges  0x00000130       0x78 port.o
 .debug_ranges  0x000001a8      0x258 queue.o
 .debug_ranges  0x00000400      0x2d8 tasks.o
 .debug_ranges  0x000006d8       0xb8 timers.o
 .debug_ranges  0x00000790       0x10 uart.o

.debug_macro    0x00000000    0x119c4
 .debug_macro   0x00000000      0x2fc Device_Startup/startup_samd21.o
 .debug_macro   0x000002fc       0x39 Device_Startup/startup_samd21.o
 .debug_macro   0x00000335       0x1c Device_Startup/startup_samd21.o
 .debug_macro   0x00000351       0x22 Device_Startup/startup_samd21.o
 .debug_macro   0x00000373       0xb5 Device_Startup/startup_samd21.o
 .debug_macro   0x00000428      0x3ad Device_Startup/startup_samd21.o
 .debug_macro   0x000007d5      0x67e Device_Startup/startup_samd21.o
 .debug_macro   0x00000e53      0x8b1 Device_Startup/startup_samd21.o
 .debug_macro   0x00001704      0x22e Device_Startup/startup_samd21.o
 .debug_macro   0x00001932      0xd5c Device_Startup/startup_samd21.o
 .debug_macro   0x0000268e      0x4dc Device_Startup/startup_samd21.o
 .debug_macro   0x00002b6a      0x9f6 Device_Startup/startup_samd21.o
 .debug_macro   0x00003560      0x82b Device_Startup/startup_samd21.o
 .debug_macro   0x00003d8b      0x45f Device_Startup/startup_samd21.o
 .debug_macro   0x000041ea       0x5e Device_Startup/startup_samd21.o
 .debug_macro   0x00004248      0x8f9 Device_Startup/startup_samd21.o
 .debug_macro   0x00004b41      0x21c Device_Startup/startup_samd21.o
 .debug_macro   0x00004d5d      0x735 Device_Startup/startup_samd21.o
 .debug_macro   0x00005492       0x5e Device_Startup/startup_samd21.o
 .debug_macro   0x000054f0      0x632 Device_Startup/startup_samd21.o
 .debug_macro   0x00005b22      0x3ac Device_Startup/startup_samd21.o
 .debug_macro   0x00005ece      0xc76 Device_Startup/startup_samd21.o
 .debug_macro   0x00006b44     0x1092 Device_Startup/startup_samd21.o
 .debug_macro   0x00007bd6      0xc4a Device_Startup/startup_samd21.o
 .debug_macro   0x00008820      0x6ba Device_Startup/startup_samd21.o
 .debug_macro   0x00008eda     0x1b3d Device_Startup/startup_samd21.o
 .debug_macro   0x0000aa17     0x143c Device_Startup/startup_samd21.o
 .debug_macro   0x0000be53      0x340 Device_Startup/startup_samd21.o
 .debug_macro   0x0000c193       0x7c Device_Startup/startup_samd21.o
 .debug_macro   0x0000c20f       0xa0 Device_Startup/startup_samd21.o
 .debug_macro   0x0000c2af       0x4c Device_Startup/startup_samd21.o
 .debug_macro   0x0000c2fb       0xca Device_Startup/startup_samd21.o
 .debug_macro   0x0000c3c5       0x94 Device_Startup/startup_samd21.o
 .debug_macro   0x0000c459       0x58 Device_Startup/startup_samd21.o
 .debug_macro   0x0000c4b1      0x341 Device_Startup/startup_samd21.o
 .debug_macro   0x0000c7f2       0x82 Device_Startup/startup_samd21.o
 .debug_macro   0x0000c874      0x189 Device_Startup/startup_samd21.o
 .debug_macro   0x0000c9fd       0xb8 Device_Startup/startup_samd21.o
 .debug_macro   0x0000cab5       0xa0 Device_Startup/startup_samd21.o
 .debug_macro   0x0000cb55       0xb2 Device_Startup/startup_samd21.o
 .debug_macro   0x0000cc07       0x1c Device_Startup/startup_samd21.o
 .debug_macro   0x0000cc23       0x1c Device_Startup/startup_samd21.o
 .debug_macro   0x0000cc3f       0x1c Device_Startup/startup_samd21.o
 .debug_macro   0x0000cc5b       0x7c Device_Startup/startup_samd21.o
 .debug_macro   0x0000ccd7      0x15a Device_Startup/startup_samd21.o
 .debug_macro   0x0000ce31       0x10 Device_Startup/startup_samd21.o
 .debug_macro   0x0000ce41       0xdc Device_Startup/startup_samd21.o
 .debug_macro   0x0000cf1d      0x124 Device_Startup/startup_samd21.o
 .debug_macro   0x0000d041      0x124 Device_Startup/startup_samd21.o
 .debug_macro   0x0000d165      0x124 Device_Startup/startup_samd21.o
 .debug_macro   0x0000d289      0x124 Device_Startup/startup_samd21.o
 .debug_macro   0x0000d3ad      0x124 Device_Startup/startup_samd21.o
 .debug_macro   0x0000d4d1      0x124 Device_Startup/startup_samd21.o
 .debug_macro   0x0000d5f5      0x124 Device_Startup/startup_samd21.o
 .debug_macro   0x0000d719       0xe2 Device_Startup/startup_samd21.o
 .debug_macro   0x0000d7fb       0xe2 Device_Startup/startup_samd21.o
 .debug_macro   0x0000d8dd       0xe2 Device_Startup/startup_samd21.o
 .debug_macro   0x0000d9bf      0x12a Device_Startup/startup_samd21.o
 .debug_macro   0x0000dae9      0x100 Device_Startup/startup_samd21.o
 .debug_macro   0x0000dbe9       0xf4 Device_Startup/startup_samd21.o
 .debug_macro   0x0000dcdd      0x40f Device_Startup/startup_samd21.o
 .debug_macro   0x0000e0ec       0x40 Device_Startup/startup_samd21.o
 .debug_macro   0x0000e12c      0x376 Device_Startup/startup_samd21.o
 .debug_macro   0x0000e4a2     0x17df Device_Startup/startup_samd21.o
 .debug_macro   0x0000fc81       0x6d Device_Startup/startup_samd21.o
 .debug_macro   0x0000fcee      0x302 Device_Startup/system_samd21.o
 .debug_macro   0x0000fff0      0x1a8 heap_2.o
 .debug_macro   0x00010198      0x17b list.o
 .debug_macro   0x00010313      0x399 main.o
 .debug_macro   0x000106ac       0x86 main.o
 .debug_macro   0x00010732       0x1c main.o
 .debug_macro   0x0001074e       0x58 main.o
 .debug_macro   0x000107a6       0x16 main.o
 .debug_macro   0x000107bc      0x314 myprintf.o
 .debug_macro   0x00010ad0      0x124 port.o
 .debug_macro   0x00010bf4      0x1f7 queue.o
 .debug_macro   0x00010deb       0x16 queue.o
 .debug_macro   0x00010e01       0x35 queue.o
 .debug_macro   0x00010e36      0x313 tasks.o
 .debug_macro   0x00011149       0x10 tasks.o
 .debug_macro   0x00011159       0x1c tasks.o
 .debug_macro   0x00011175       0x10 tasks.o
 .debug_macro   0x00011185       0x10 tasks.o
 .debug_macro   0x00011195       0x1c tasks.o
 .debug_macro   0x000111b1       0x52 tasks.o
 .debug_macro   0x00011203       0x40 tasks.o
 .debug_macro   0x00011243       0x10 tasks.o
 .debug_macro   0x00011253       0x40 tasks.o
 .debug_macro   0x00011293       0xd7 tasks.o
 .debug_macro   0x0001136a       0x16 tasks.o
 .debug_macro   0x00011380      0x18b tasks.o
 .debug_macro   0x0001150b      0x1b4 timers.o
 .debug_macro   0x000116bf      0x305 uart.o

.debug_line     0x00000000     0x527d
 .debug_line    0x00000000      0x6fa Device_Startup/startup_samd21.o
 .debug_line    0x000006fa      0x6e2 Device_Startup/system_samd21.o
 .debug_line    0x00000ddc      0x3fa heap_2.o
 .debug_line    0x000011d6      0x3cb list.o
 .debug_line    0x000015a1      0x7b4 main.o
 .debug_line    0x00001d55      0x911 myprintf.o
 .debug_line    0x00002666      0x3f6 port.o
 .debug_line    0x00002a5c      0xb33 queue.o
 .debug_line    0x0000358f      0xfed tasks.o
 .debug_line    0x0000457c      0x623 timers.o
 .debug_line    0x00004b9f      0x6de uart.o

.debug_str      0x00000000    0x79fb4
 .debug_str     0x00000000    0x6ddcf Device_Startup/startup_samd21.o
                              0x6e201 (size before relaxing)
 .debug_str     0x0006ddcf       0x5c Device_Startup/system_samd21.o
                              0x6d085 (size before relaxing)
 .debug_str     0x0006de2b     0x6ad3 heap_2.o
                               0x9f8e (size before relaxing)
 .debug_str     0x000748fe      0x123 list.o
                               0x9745 (size before relaxing)
 .debug_str     0x00074a21      0xd7f main.o
                              0x718c3 (size before relaxing)
 .debug_str     0x000757a0      0x683 myprintf.o
                              0x6d97c (size before relaxing)
 .debug_str     0x00075e23      0x400 port.o
                               0x7279 (size before relaxing)
 .debug_str     0x00076223      0x9ca queue.o
                               0xaf34 (size before relaxing)
 .debug_str     0x00076bed     0x2b42 tasks.o
                               0xcc8d (size before relaxing)
 .debug_str     0x0007972f      0x442 timers.o
                               0xb1f6 (size before relaxing)
 .debug_str     0x00079b71      0x443 uart.o
                              0x6db9e (size before relaxing)

.debug_frame    0x00000000     0x1298
 .debug_frame   0x00000000       0x40 Device_Startup/startup_samd21.o
 .debug_frame   0x00000040       0x30 Device_Startup/system_samd21.o
 .debug_frame   0x00000070       0x78 heap_2.o
 .debug_frame   0x000000e8       0x6c list.o
 .debug_frame   0x00000154       0x64 main.o
 .debug_frame   0x000001b8      0x14c myprintf.o
 .debug_frame   0x00000304      0x10c port.o
 .debug_frame   0x00000410      0x410 queue.o
 .debug_frame   0x00000820      0x608 tasks.o
 .debug_frame   0x00000e28      0x230 timers.o
 .debug_frame   0x00001058       0x20 uart.o
 .debug_frame   0x00001078       0x2c c:/program files (x86)/atmel/studio/7.0/toolchain/arm/arm-gnu-toolchain/bin/../lib/gcc/arm-none-eabi/6.3.1/../../../../arm-none-eabi/lib/thumb/v6-m\libc.a(lib_a-init.o)
 .debug_frame   0x000010a4       0x30 c:/program files (x86)/atmel/studio/7.0/toolchain/arm/arm-gnu-toolchain/bin/../lib/gcc/arm-none-eabi/6.3.1/../../../../arm-none-eabi/lib/thumb/v6-m\libc.a(lib_a-memcpy-stub.o)
 .debug_frame   0x000010d4       0x30 c:/program files (x86)/atmel/studio/7.0/toolchain/arm/arm-gnu-toolchain/bin/../lib/gcc/arm-none-eabi/6.3.1/../../../../arm-none-eabi/lib/thumb/v6-m\libc.a(lib_a-memset.o)
 .debug_frame   0x00001104       0x54 c:/program files (x86)/atmel/studio/7.0/toolchain/arm/arm-gnu-toolchain/bin/../lib/gcc/arm-none-eabi/6.3.1/../../../../arm-none-eabi/lib/thumb/v6-m\libc.a(lib_a-__call_atexit.o)
 .debug_frame   0x00001158       0x28 c:/program files (x86)/atmel/studio/7.0/toolchain/arm/arm-gnu-toolchain/bin/../lib/gcc/arm-none-eabi/6.3.1/../../../../arm-none-eabi/lib/thumb/v6-m\libc.a(lib_a-atexit.o)
 .debug_frame   0x00001180       0x2c c:/program files (x86)/atmel/studio/7.0/toolchain/arm/arm-gnu-toolchain/bin/../lib/gcc/arm-none-eabi/6.3.1/../../../../arm-none-eabi/lib/thumb/v6-m\libc.a(lib_a-fini.o)
 .debug_frame   0x000011ac       0xb0 c:/program files (x86)/atmel/studio/7.0/toolchain/arm/arm-gnu-toolchain/bin/../lib/gcc/arm-none-eabi/6.3.1/../../../../arm-none-eabi/lib/thumb/v6-m\libc.a(lib_a-lock.o)
 .debug_frame   0x0000125c       0x3c c:/program files (x86)/atmel/studio/7.0/toolchain/arm/arm-gnu-toolchain/bin/../lib/gcc/arm-none-eabi/6.3.1/../../../../arm-none-eabi/lib/thumb/v6-m\libc.a(lib_a-__atexit.o)
